<html>
<body>
<pre>
<h1>µVision Build Log</h1>
<h2>Project:</h2>
C:\Users\Rosswell\Documents\Wall_Following_Robot\Car_Sensor\PWM.uvproj
Project File Date:  11/06/2018

<h2>Output:</h2>
Rebuild target 'PWM'
assembling startup.s...
compiling PLL.c...
compiling PWM.c...
compiling PWMtest.c...
PWMtest.c(113): warning:  #550-D: variable "delay" was set but never used
        unsigned int delay;
PWMtest.c(145): warning:  #1-D: last line of file ends without a newline
  }
PWMtest.c: 2 warnings, 0 errors
compiling Nokia5110.c...
compiling ADCSWTrigger.c...
linking...
Program Size: Code=5720 RO-data=496 RW-data=0 ZI-data=1120  
".\PWM.axf" - 0 Error(s), 2 Warning(s).
Load "C:\\Users\\Rosswell\\Documents\\Wall_Following_Robot\\Car_Sensor\\PWM.axf" 
Connecting: Mode=JTAG, Speed=1000000Hz
Erase Done.
Programming Done.
Verify OK.
</pre>
</body>
</html>
rget DLL has been cancelled
bols.
Finished: 1 information, 0 warning and 2 error messages.
".\PWM.axf" - 2 Error(s), 3 Warning(s).
Target not created
\Wall_Following_Robot\Car_Sensor\PWM.axf'
