<html>
<body>
<pre>
<h1>µVision Build Log</h1>
<h2>Project:</h2>
C:\Users\Rosswell\Documents\Wall_Following_Robot\PWM_4C123\PWM.uvproj
Project File Date:  09/30/2018

<h2>Output:</h2>
Rebuild target 'PWM'
assembling startup.s...
compiling PLL.c...
compiling PWM.c...
PWM.c(118): warning:  #1-D: last line of file ends without a newline
  //  PWM0B_Init(40, 20);             // initialize PWM0, 1 MHz, 50% duty
PWM.c: 1 warning, 0 errors
compiling PWMtest.c...
PWMtest.c(155): warning:  #1-D: last line of file ends without a newline
  }
PWMtest.c: 1 warning, 0 errors
linking...
Program Size: Code=3572 RO-data=32 RW-data=20 ZI-data=1124  
".\PWM.axf" - 0 Error(s), 2 Warning(s).
Load "C:\\Users\\Rosswell\\Documents\\Wall_Following_Robot\\PWM_4C123\\PWM.axf" 
Connecting: Mode=JTAG, Speed=1000000Hz
Erase Done.
Programming Done.
Verify OK.
ion, 0 warning and 1 error messages.
".\PWM.axf" - 1 Error(s), 3 Warning(s).
Target not created
Load "C:\\Users\\Rosswell\\Documents\\Wall_Following_Robot\\PWM_4C123\\PWM.axf" 
_____^
*** error 56: cannot open file
Error: Flash Download failed  -  Could not load file 'C:\Users\Rosswell\Documents\Wall_Following_Robot\PWM_4C123\PWM.axf'
