<html>
<body>
<pre>
<h1>µVision Build Log</h1>
<h2>Project:</h2>
C:\Users\Rosswell\Documents\Wall_Following_Robot\PWM_4C123\PWM.uvproj
Project File Date:  10/08/2018

<h2>Output:</h2>
Rebuild target 'PWM'
assembling startup.s...
compiling PLL.c...
compiling PWM.c...
compiling PWMtest.c...
PWMtest.c(80): warning:  #550-D: variable "delay" was set but never used
        unsigned int delay;
PWMtest.c: 1 warning, 0 errors
compiling Nokia5110.c...
linking...
Program Size: Code=4832 RO-data=512 RW-data=28 ZI-data=1124  
".\PWM.axf" - 0 Error(s), 1 Warning(s).
Load "C:\\Users\\Rosswell\\Documents\\Wall_Following_Robot\\PWM_4C123\\PWM.axf" 
Connecting: Mode=JTAG, Speed=1000000Hz
Erase Done.
Programming Done.
Verify OK.
</pre>
</body>
</html>
d from pwmtest.o).
.\PWM.axf: Error: L6218E: Undefined symbol Nokia5110_OutString (referred from pwmtest.o).
.\PWM.axf: Error: L6218E: Undefined symbol Nokia5110_OutUDec (referred from pwmtest.o).
.\PWM.axf: Error: L6218E: Undefined symbol Nokia5110_SetCursor (referred from pwmtest.o).
Not enough information to list image symbols.
Finished: 1 information, 0 warning and 6 error messages.
".\PWM.axf" - 6 Error(s), 2 Warning(s).
Target not created

_____^
*** error 56: cannot open file
Error: Flash Download failed  -  Could not load file 'C:\Users\Rosswell\Documents\Wall_Following_Robot\PWM_4C123\PWM.axf'
load file 'C:\Users\Rosswell\Documents\Wall_Following_Robot\PWM_4C123\PWM.axf'
