<html>
<body>
<pre>
<h1>µVision Build Log</h1>
<h2>Project:</h2>
C:\Users\Rosswell\Documents\Wall_Following_Robot\Wall_Following_Robot\PWM.uvproj
Project File Date:  12/11/2018

<h2>Output:</h2>
Rebuild target 'PWM'
assembling startup.s...
compiling PLL.c...
compiling PWM.c...
compiling PWMtest.c...
utils.h(4): warning:  #1-D: last line of file ends without a newline
  float getCm(unsigned long ADCvalue);
PWMtest.c(78): warning:  #177-D: variable "sensor1" was declared but never referenced
        unsigned long potentiometer, sensor1, sensor2, percent;
PWMtest.c(78): warning:  #177-D: variable "sensor2" was declared but never referenced
        unsigned long potentiometer, sensor1, sensor2, percent;
PWMtest.c(78): warning:  #177-D: variable "percent" was declared but never referenced
        unsigned long potentiometer, sensor1, sensor2, percent;
PWMtest.c(142): warning:  #550-D: variable "delay" was set but never used
        unsigned int delay;
PWMtest.c(193): warning:  #1-D: last line of file ends without a newline
  }
PWMtest.c: 6 warnings, 0 errors
compiling Nokia5110.c...
compiling ADCSWTrigger.c...
compiling utils.c...
utils.c(40): warning:  #1-D: last line of file ends without a newline
  }
utils.c(4): warning:  #177-D: variable "distance_ADC" was declared but never referenced
        float distance_ADC = 0;  //  <---- THIS USE TO BE CALLed distance but is now changed to distance_ADC so be aware
utils.c(5): warning:  #177-D: variable "calibration" was declared but never referenced
        float calibration = 0;
utils.c(8): warning:  #550-D: variable "ia" was set but never used
        int ia = 0;
utils.c: 4 warnings, 0 errors
linking...
Program Size: Code=7090 RO-data=634 RW-data=48 ZI-data=1120  
".\PWM.axf" - 0 Error(s), 10 Warning(s).
Load "C:\\Users\\Rosswell\\Documents\\Wall_Following_Robot\\Wall_Following_Robot\\PWM.axf" 
Connecting: Mode=JTAG, Speed=1000000Hz
Erase Done.
Programming Done.
Verify OK.
