<html>
<body>
<pre>
<h1>µVision Build Log</h1>
<h2>Project:</h2>
C:\Users\Rosswell\Documents\Wall_Following_Robot\Wall_Following_Robot\PWM.uvproj
Project File Date:  12/12/2018

<h2>Output:</h2>
Rebuild target 'PWM'
assembling startup.s...
compiling PLL.c...
compiling PWM.c...
compiling PWMtest.c...
utils.h(10): warning:  #1-D: last line of file ends without a newline
  unsigned int getAbs(int n);
PWMtest.c(151): warning:  #550-D: variable "delay" was set but never used
        unsigned int delay;
PWMtest.c(199): warning:  #1-D: last line of file ends without a newline
  }
PWMtest.c: 3 warnings, 0 errors
compiling Nokia5110.c...
compiling ADCSWTrigger.c...
compiling utils.c...
utils.c(19): warning:  #177-D: variable "distance_ADC" was declared but never referenced
        float distance_ADC = 0;  //  <---- THIS USE TO BE CALLed distance but is now changed to distance_ADC so be aware
utils.c(20): warning:  #177-D: variable "calibration" was declared but never referenced
        float calibration = 0;
utils.c(23): warning:  #550-D: variable "ia" was set but never used
        int ia = 0;
utils.c(67): warning:  #1-D: last line of file ends without a newline
  } 
utils.c: 4 warnings, 0 errors
linking...
Program Size: Code=7162 RO-data=618 RW-data=0 ZI-data=1120  
".\PWM.axf" - 0 Error(s), 7 Warning(s).
Load "C:\\Users\\Rosswell\\Documents\\Wall_Following_Robot\\Wall_Following_Robot\\PWM.axf" 
Connecting: Mode=JTAG, Speed=1000000Hz
Erase Done.
Programming Done.
Verify OK.
Load "C:\\Users\\Rosswell\\Documents\\Wall_Following_Robot\\Wall_Following_Robot\\PWM.axf" 
Connecting: Mode=JTAG, Speed=1000000Hz
Connection failed!, error code=&d
Error: Flash Download failed  -  Target DLL has been cancelled
</pre>
</body>
</html>
